[debug] [2026-10-01T20:56:05.198Z] ----------------------------------------------------------------------
[debug] [2026-10-01T20:56:05.202Z] Command:       /usr/local/bin/node /usr/local/bin/firebase deploy --only hosting --project scolapay-b6289
[debug] [2026-10-01T20:56:05.202Z] CLI Version:   15.30.0
[debug] [2026-10-01T20:56:05.203Z] Platform:      linux
[debug] [2026-10-01T20:56:05.203Z] Node Version:  v22.23.2
[debug] [2026-10-01T20:56:05.203Z] Detected Agent: unknown
[debug] [2026-10-01T20:56:05.203Z] Time:          Thu Oct 01 2026 20:56:05 GMT+0000 (Coordinated Universal Time)
[debug] [2026-10-01T20:56:05.203Z] ----------------------------------------------------------------------
[debug] 
[debug] [2026-10-01T20:56:07.746Z] > command requires scopes: ["email","openid","https://www.googleapis.com/auth/cloudplatformprojects.readonly","https://www.googleapis.com/auth/firebase","https://www.googleapis.com/auth/cloud-platform"]
[debug] [2026-10-01T20:56:07.772Z] Running auto auth
[debug] [2026-10-01T20:56:07.779Z] [iam] checking project scolapay-b6289 for permissions ["firebase.projects.get","firebasehosting.sites.update"]
[debug] [2026-10-01T20:56:07.805Z] No OAuth tokens found
[debug] [2026-10-01T20:56:07.806Z] >>> [apiv2][query] POST https://cloudresourcemanager.googleapis.com/v1/projects/scolapay-b6289:testIamPermissions [none]
[debug] [2026-10-01T20:56:07.806Z] >>> [apiv2][(partial)header] POST https://cloudresourcemanager.googleapis.com/v1/projects/scolapay-b6289:testIamPermissions  x-goog-user-project=scolapay-b6289
[debug] [2026-10-01T20:56:07.806Z] >>> [apiv2][body] POST https://cloudresourcemanager.googleapis.com/v1/projects/scolapay-b6289:testIamPermissions {"permissions":["firebase.projects.get","firebasehosting.sites.update"]}
[debug] [2026-10-01T20:56:08.562Z] <<< [apiv2][status] POST https://cloudresourcemanager.googleapis.com/v1/projects/scolapay-b6289:testIamPermissions 403
[debug] [2026-10-01T20:56:08.562Z] <<< [apiv2][body] POST https://cloudresourcemanager.googleapis.com/v1/projects/scolapay-b6289:testIamPermissions {"error":{"code":403,"message":"Caller does not have required permission to use project scolapay-b6289. Grant the caller the roles/serviceusage.serviceUsageConsumer role, or a custom role with the serviceusage.services.use permission, by visiting https://console.developers.google.com/iam-admin/iam?project=scolapay-b6289 and then retry. Propagation of the new permission may take a few minutes.","status":"PERMISSION_DENIED","details":[{"@type":"type.googleapis.com/google.rpc.ErrorInfo","reason":"USER_PROJECT_DENIED","domain":"googleapis.com","metadata":{"consoleUrl":"https://console.developers.google.com/iam-admin/iam?project=scolapay-b6289","consumer":"projects/scolapay-b6289","service":"cloudresourcemanager.googleapis.com","containerInfo":"scolapay-b6289"}},{"@type":"type.googleapis.com/google.rpc.LocalizedMessage","locale":"en-US","message":"Caller does not have required permission to use project scolapay-b6289. Grant the caller the roles/serviceusage.serviceUsageConsumer role, or a custom role with the serviceusage.services.use permission, by visiting https://console.developers.google.com/iam-admin/iam?project=scolapay-b6289 and then retry. Propagation of the new permission may take a few minutes."},{"@type":"type.googleapis.com/google.rpc.Help","links":[{"description":"Google developer console IAM admin","url":"https://console.developers.google.com/iam-admin/iam?project=scolapay-b6289"}]}]}}
[debug] [2026-10-01T20:56:08.564Z] [iam] error while checking permissions, command may fail: Request to https://cloudresourcemanager.googleapis.com/v1/projects/scolapay-b6289:testIamPermissions had HTTP Error: 403, Caller does not have required permission to use project scolapay-b6289. Grant the caller the roles/serviceusage.serviceUsageConsumer role, or a custom role with the serviceusage.services.use permission, by visiting https://console.developers.google.com/iam-admin/iam?project=scolapay-b6289 and then retry. Propagation of the new permission may take a few minutes.
[debug] [2026-10-01T20:56:08.564Z] No OAuth tokens found
[debug] [2026-10-01T20:56:08.565Z] >>> [apiv2][query] GET https://firebase.googleapis.com/v1beta1/projects/scolapay-b6289 [none]
[debug] [2026-10-01T20:56:08.613Z] <<< [apiv2][status] GET https://firebase.googleapis.com/v1beta1/projects/scolapay-b6289 403
[debug] [2026-10-01T20:56:08.613Z] <<< [apiv2][body] GET https://firebase.googleapis.com/v1beta1/projects/scolapay-b6289 {"error":{"code":403,"message":"Firebase Management API has not been used in project 460651861268 before or it is disabled. Enable it by visiting https://console.developers.google.com/apis/api/firebase.googleapis.com/overview?project=460651861268 then retry. If you enabled this API recently, wait a few minutes for the action to propagate to our systems and retry.","status":"PERMISSION_DENIED","details":[{"@type":"type.googleapis.com/google.rpc.ErrorInfo","reason":"SERVICE_DISABLED","domain":"googleapis.com","metadata":{"activationUrl":"https://console.developers.google.com/apis/api/firebase.googleapis.com/overview?project=460651861268","service":"firebase.googleapis.com","consumer":"projects/460651861268","containerInfo":"460651861268","serviceTitle":"Firebase Management API"}},{"@type":"type.googleapis.com/google.rpc.LocalizedMessage","locale":"en-US","message":"Firebase Management API has not been used in project 460651861268 before or it is disabled. Enable it by visiting https://console.developers.google.com/apis/api/firebase.googleapis.com/overview?project=460651861268 then retry. If you enabled this API recently, wait a few minutes for the action to propagate to our systems and retry."},{"@type":"type.googleapis.com/google.rpc.Help","links":[{"description":"Google developers console API activation","url":"https://console.developers.google.com/apis/api/firebase.googleapis.com/overview?project=460651861268"}]}]}}
[debug] [2026-10-01T20:56:08.613Z] Request to https://firebase.googleapis.com/v1beta1/projects/scolapay-b6289 had HTTP Error: 403, Firebase Management API has not been used in project 460651861268 before or it is disabled. Enable it by visiting https://console.developers.google.com/apis/api/firebase.googleapis.com/overview?project=460651861268 then retry. If you enabled this API recently, wait a few minutes for the action to propagate to our systems and retry.
[debug] [2026-10-01T20:56:08.614Z] FirebaseError: Request to https://firebase.googleapis.com/v1beta1/projects/scolapay-b6289 had HTTP Error: 403, Firebase Management API has not been used in project 460651861268 before or it is disabled. Enable it by visiting https://console.developers.google.com/apis/api/firebase.googleapis.com/overview?project=460651861268 then retry. If you enabled this API recently, wait a few minutes for the action to propagate to our systems and retry.
    at responseToError (/usr/local/lib/node_modules/firebase-tools/lib/responseToError.js:53:12)
    at RetryOperation._fn (/usr/local/lib/node_modules/firebase-tools/lib/apiv2.js:415:77)
    at process.processTicksAndRejections (node:internal/process/task_queues:103:5)
[error] 
[error] Error: Failed to get Firebase project scolapay-b6289. Please make sure the project exists and your account has permission to access it.
